------------------------------------------------------------
Timing Analyzer Summary
------------------------------------------------------------

Type  : Slow 1100mV 85C Model Setup 'tick_1hz'
Slack : -4.091
TNS   : -54.236

Type  : Slow 1100mV 85C Model Setup 'CLOCK_50'
Slack : -2.921
TNS   : -114.373

Type  : Slow 1100mV 85C Model Hold 'CLOCK_50'
Slack : 0.306
TNS   : 0.000

Type  : Slow 1100mV 85C Model Hold 'tick_1hz'
Slack : 0.890
TNS   : 0.000

Type  : Slow 1100mV 85C Model Minimum Pulse Width 'CLOCK_50'
Slack : -0.538
TNS   : -37.300

Type  : Slow 1100mV 85C Model Minimum Pulse Width 'tick_1hz'
Slack : -0.538
TNS   : -12.115

Type  : Slow 1100mV 0C Model Setup 'tick_1hz'
Slack : -4.268
TNS   : -56.326

Type  : Slow 1100mV 0C Model Setup 'CLOCK_50'
Slack : -3.051
TNS   : -113.524

Type  : Slow 1100mV 0C Model Hold 'CLOCK_50'
Slack : 0.045
TNS   : 0.000

Type  : Slow 1100mV 0C Model Hold 'tick_1hz'
Slack : 0.849
TNS   : 0.000

Type  : Slow 1100mV 0C Model Minimum Pulse Width 'CLOCK_50'
Slack : -0.543
TNS   : -33.581

Type  : Slow 1100mV 0C Model Minimum Pulse Width 'tick_1hz'
Slack : -0.538
TNS   : -12.011

Type  : Fast 1100mV 85C Model Setup 'tick_1hz'
Slack : -1.695
TNS   : -21.909

Type  : Fast 1100mV 85C Model Setup 'CLOCK_50'
Slack : -1.383
TNS   : -41.062

Type  : Fast 1100mV 85C Model Hold 'CLOCK_50'
Slack : -0.088
TNS   : -0.088

Type  : Fast 1100mV 85C Model Hold 'tick_1hz'
Slack : 0.360
TNS   : 0.000

Type  : Fast 1100mV 85C Model Minimum Pulse Width 'CLOCK_50'
Slack : -0.622
TNS   : -20.147

Type  : Fast 1100mV 85C Model Minimum Pulse Width 'tick_1hz'
Slack : 0.044
TNS   : 0.000

Type  : Fast 1100mV 0C Model Setup 'tick_1hz'
Slack : -1.617
TNS   : -20.959

Type  : Fast 1100mV 0C Model Setup 'CLOCK_50'
Slack : -1.285
TNS   : -34.713

Type  : Fast 1100mV 0C Model Hold 'CLOCK_50'
Slack : -0.271
TNS   : -0.271

Type  : Fast 1100mV 0C Model Hold 'tick_1hz'
Slack : 0.330
TNS   : 0.000

Type  : Fast 1100mV 0C Model Minimum Pulse Width 'CLOCK_50'
Slack : -0.672
TNS   : -24.204

Type  : Fast 1100mV 0C Model Minimum Pulse Width 'tick_1hz'
Slack : 0.068
TNS   : 0.000

------------------------------------------------------------
