------------------------------------------------------------
TimeQuest Timing Analyzer Summary
------------------------------------------------------------

Type  : Slow 1100mV 85C Model Setup 'CLOCK_50'
Slack : -3.502
TNS   : -72.100

Type  : Slow 1100mV 85C Model Setup 'tick_1hz'
Slack : -1.398
TNS   : -26.464

Type  : Slow 1100mV 85C Model Hold 'tick_1hz'
Slack : 0.591
TNS   : 0.000

Type  : Slow 1100mV 85C Model Hold 'CLOCK_50'
Slack : 0.830
TNS   : 0.000

Type  : Slow 1100mV 85C Model Minimum Pulse Width 'CLOCK_50'
Slack : -0.655
TNS   : -23.543

Type  : Slow 1100mV 85C Model Minimum Pulse Width 'tick_1hz'
Slack : -0.538
TNS   : -17.193

Type  : Slow 1100mV 0C Model Setup 'CLOCK_50'
Slack : -3.727
TNS   : -72.240

Type  : Slow 1100mV 0C Model Setup 'tick_1hz'
Slack : -1.391
TNS   : -26.454

Type  : Slow 1100mV 0C Model Hold 'tick_1hz'
Slack : 0.545
TNS   : 0.000

Type  : Slow 1100mV 0C Model Hold 'CLOCK_50'
Slack : 0.883
TNS   : 0.000

Type  : Slow 1100mV 0C Model Minimum Pulse Width 'CLOCK_50'
Slack : -0.689
TNS   : -21.398

Type  : Slow 1100mV 0C Model Minimum Pulse Width 'tick_1hz'
Slack : -0.538
TNS   : -16.987

Type  : Fast 1100mV 85C Model Setup 'CLOCK_50'
Slack : -1.575
TNS   : -22.242

Type  : Fast 1100mV 85C Model Setup 'tick_1hz'
Slack : -0.188
TNS   : -1.574

Type  : Fast 1100mV 85C Model Hold 'tick_1hz'
Slack : 0.222
TNS   : 0.000

Type  : Fast 1100mV 85C Model Hold 'CLOCK_50'
Slack : 0.320
TNS   : 0.000

Type  : Fast 1100mV 85C Model Minimum Pulse Width 'CLOCK_50'
Slack : -0.746
TNS   : -13.268

Type  : Fast 1100mV 85C Model Minimum Pulse Width 'tick_1hz'
Slack : 0.095
TNS   : 0.000

Type  : Fast 1100mV 0C Model Setup 'CLOCK_50'
Slack : -1.539
TNS   : -18.900

Type  : Fast 1100mV 0C Model Setup 'tick_1hz'
Slack : -0.125
TNS   : -0.650

Type  : Fast 1100mV 0C Model Hold 'tick_1hz'
Slack : 0.192
TNS   : 0.000

Type  : Fast 1100mV 0C Model Hold 'CLOCK_50'
Slack : 0.310
TNS   : 0.000

Type  : Fast 1100mV 0C Model Minimum Pulse Width 'CLOCK_50'
Slack : -0.776
TNS   : -15.832

Type  : Fast 1100mV 0C Model Minimum Pulse Width 'tick_1hz'
Slack : 0.110
TNS   : 0.000

------------------------------------------------------------
